// Jest Snapshot v1, https://goo.gl/fbAQLP

exports[`Placeholder Empty 1`] = `
Array [
  Object {
    "apiVersion": "v1",
    "kind": "Service",
    "metadata": Object {
      "labels": Object {
        "app.kubernetes.io/managed-by": "kittyhawk",
        "app.kubernetes.io/name": "penn-basics-react",
        "app.kubernetes.io/part-of": "penn-basics",
        "app.kubernetes.io/version": "c257c5b875c179dbf108f85779c379830a2fc2a8",
      },
      "name": "penn-basics-react",
    },
    "spec": Object {
      "ports": Array [
        Object {
          "port": 80,
          "targetPort": 80,
        },
      ],
      "selector": Object {
        "app.kubernetes.io/name": "penn-basics-react",
      },
      "type": "ClusterIP",
    },
  },
  Object {
    "apiVersion": "apps/v1",
    "kind": "Deployment",
    "metadata": Object {
      "labels": Object {
        "app.kubernetes.io/managed-by": "kittyhawk",
        "app.kubernetes.io/name": "penn-basics-react",
        "app.kubernetes.io/part-of": "penn-basics",
        "app.kubernetes.io/version": "c257c5b875c179dbf108f85779c379830a2fc2a8",
      },
      "name": "penn-basics-react",
    },
    "spec": Object {
      "replicas": 1,
      "selector": Object {
        "matchLabels": Object {
          "app.kubernetes.io/name": "penn-basics-react",
        },
      },
      "strategy": Object {
        "rollingUpdate": Object {
          "maxSurge": 3,
          "maxUnavailable": 0,
        },
        "type": "RollingUpdate",
      },
      "template": Object {
        "metadata": Object {
          "labels": Object {
            "app.kubernetes.io/name": "penn-basics-react",
          },
        },
        "spec": Object {
          "containers": Array [
            Object {
              "env": Array [
                Object {
                  "name": "DOMAIN",
                  "value": "pennbasics.com",
                },
                Object {
                  "name": "PORT",
                  "value": "80",
                },
                Object {
                  "name": "GIT_SHA",
                  "value": "c257c5b875c179dbf108f85779c379830a2fc2a8",
                },
              ],
              "envFrom": Array [
                Object {
                  "secretRef": Object {
                    "name": "penn-basics",
                  },
                },
              ],
              "image": "pennlabs/penn-basics:c257c5b875c179dbf108f85779c379830a2fc2a8",
              "imagePullPolicy": "IfNotPresent",
              "name": "worker",
              "ports": Array [
                Object {
                  "containerPort": 80,
                },
              ],
            },
          ],
          "volumes": Array [],
        },
      },
    },
  },
  Object {
    "apiVersion": "networking.k8s.io/v1",
    "kind": "Ingress",
    "metadata": Object {
      "labels": Object {
        "app.kubernetes.io/managed-by": "kittyhawk",
        "app.kubernetes.io/name": "penn-basics-react",
        "app.kubernetes.io/part-of": "penn-basics",
        "app.kubernetes.io/version": "c257c5b875c179dbf108f85779c379830a2fc2a8",
      },
      "name": "penn-basics-react",
    },
    "spec": Object {
      "rules": Array [
        Object {
          "host": "pennbasics.com",
          "http": Object {
            "paths": Array [
              Object {
                "backend": Object {
                  "service": Object {
                    "name": "penn-basics-react",
                    "port": Object {
                      "number": 80,
                    },
                  },
                },
                "path": "/",
                "pathType": "Prefix",
              },
            ],
          },
        },
      ],
      "tls": Array [
        Object {
          "hosts": Array [
            "pennbasics.com",
          ],
          "secretName": "pennbasics-com-tls",
        },
      ],
    },
  },
  Object {
    "apiVersion": "cert-manager.io/v1",
    "kind": "Certificate",
    "metadata": Object {
      "finalizers": Array [
        "kubernetes",
      ],
      "labels": Object {
        "app.kubernetes.io/component": "certificate",
        "app.kubernetes.io/managed-by": "kittyhawk",
        "app.kubernetes.io/name": "pennbasics-com",
      },
      "name": "pennbasics-com",
    },
    "spec": Object {
      "dnsNames": Array [
        "pennbasics.com",
        "*.pennbasics.com",
      ],
      "issuerRef": Object {
        "group": "cert-manager.io",
        "kind": "ClusterIssuer",
        "name": "wildcard-letsencrypt-prod",
      },
      "secretName": "pennbasics-com-tls",
    },
  },
]
`;
